------------------------------------------------------------
TimeQuest Timing Analyzer Summary
------------------------------------------------------------

Type  : Slow 1100mV 85C Model Setup 'CLOCK_50'
Slack : -0.823
TNS   : -10.934

Type  : Slow 1100mV 85C Model Hold 'CLOCK_50'
Slack : 0.226
TNS   : 0.000

Type  : Slow 1100mV 85C Model Minimum Pulse Width 'CLOCK_50'
Slack : -0.394
TNS   : -12.494

Type  : Slow 1100mV 0C Model Setup 'CLOCK_50'
Slack : -0.813
TNS   : -11.016

Type  : Slow 1100mV 0C Model Hold 'CLOCK_50'
Slack : 0.197
TNS   : 0.000

Type  : Slow 1100mV 0C Model Minimum Pulse Width 'CLOCK_50'
Slack : -0.394
TNS   : -11.448

Type  : Fast 1100mV 85C Model Setup 'CLOCK_50'
Slack : -0.156
TNS   : -0.234

Type  : Fast 1100mV 85C Model Hold 'CLOCK_50'
Slack : 0.159
TNS   : 0.000

Type  : Fast 1100mV 85C Model Minimum Pulse Width 'CLOCK_50'
Slack : -0.396
TNS   : -8.770

Type  : Fast 1100mV 0C Model Setup 'CLOCK_50'
Slack : -0.069
TNS   : -0.069

Type  : Fast 1100mV 0C Model Hold 'CLOCK_50'
Slack : 0.128
TNS   : 0.000

Type  : Fast 1100mV 0C Model Minimum Pulse Width 'CLOCK_50'
Slack : -0.435
TNS   : -10.514

------------------------------------------------------------
